Archive member included to satisfy reference by file (symbol)

/home/shay/a/ece362/Ac6/SystemWorkbench/plugins/fr.ac6.mcu.externaltools.arm-none.linux64_1.17.0.201812190825/tools/compiler/bin/../lib/gcc/arm-none-eabi/7.3.1/thumb/v6-m/libgcc.a(_udivsi3.o)
                              StdPeriph_Driver/src/stm32f0xx_rcc.o (__aeabi_uidiv)
/home/shay/a/ece362/Ac6/SystemWorkbench/plugins/fr.ac6.mcu.externaltools.arm-none.linux64_1.17.0.201812190825/tools/compiler/bin/../lib/gcc/arm-none-eabi/7.3.1/thumb/v6-m/libgcc.a(_divsi3.o)
                              src/lcd.o (__aeabi_idiv)
/home/shay/a/ece362/Ac6/SystemWorkbench/plugins/fr.ac6.mcu.externaltools.arm-none.linux64_1.17.0.201812190825/tools/compiler/bin/../lib/gcc/arm-none-eabi/7.3.1/thumb/v6-m/libgcc.a(_dvmd_tls.o)
                              /home/shay/a/ece362/Ac6/SystemWorkbench/plugins/fr.ac6.mcu.externaltools.arm-none.linux64_1.17.0.201812190825/tools/compiler/bin/../lib/gcc/arm-none-eabi/7.3.1/thumb/v6-m/libgcc.a(_udivsi3.o) (__aeabi_idiv0)
/home/shay/a/ece362/Ac6/SystemWorkbench/plugins/fr.ac6.mcu.externaltools.arm-none.linux64_1.17.0.201812190825/tools/compiler/bin/../lib/gcc/arm-none-eabi/7.3.1/../../../../arm-none-eabi/lib/thumb/v6-m/libc.a(lib_a-errno.o)
                              src/syscalls.o (__errno)
/home/shay/a/ece362/Ac6/SystemWorkbench/plugins/fr.ac6.mcu.externaltools.arm-none.linux64_1.17.0.201812190825/tools/compiler/bin/../lib/gcc/arm-none-eabi/7.3.1/../../../../arm-none-eabi/lib/thumb/v6-m/libc.a(lib_a-exit.o)
                              /home/shay/a/ece362/Ac6/SystemWorkbench/plugins/fr.ac6.mcu.externaltools.arm-none.linux64_1.17.0.201812190825/tools/compiler/bin/../lib/gcc/arm-none-eabi/7.3.1/../../../../arm-none-eabi/lib/thumb/v6-m/crt0.o (exit)
/home/shay/a/ece362/Ac6/SystemWorkbench/plugins/fr.ac6.mcu.externaltools.arm-none.linux64_1.17.0.201812190825/tools/compiler/bin/../lib/gcc/arm-none-eabi/7.3.1/../../../../arm-none-eabi/lib/thumb/v6-m/libc.a(lib_a-fflush.o)
                              src/commands.o (fflush)
/home/shay/a/ece362/Ac6/SystemWorkbench/plugins/fr.ac6.mcu.externaltools.arm-none.linux64_1.17.0.201812190825/tools/compiler/bin/../lib/gcc/arm-none-eabi/7.3.1/../../../../arm-none-eabi/lib/thumb/v6-m/libc.a(lib_a-fgets.o)
                              src/commands.o (fgets)
/home/shay/a/ece362/Ac6/SystemWorkbench/plugins/fr.ac6.mcu.externaltools.arm-none.linux64_1.17.0.201812190825/tools/compiler/bin/../lib/gcc/arm-none-eabi/7.3.1/../../../../arm-none-eabi/lib/thumb/v6-m/libc.a(lib_a-findfp.o)
                              /home/shay/a/ece362/Ac6/SystemWorkbench/plugins/fr.ac6.mcu.externaltools.arm-none.linux64_1.17.0.201812190825/tools/compiler/bin/../lib/gcc/arm-none-eabi/7.3.1/../../../../arm-none-eabi/lib/thumb/v6-m/libc.a(lib_a-fflush.o) (__sinit)
/home/shay/a/ece362/Ac6/SystemWorkbench/plugins/fr.ac6.mcu.externaltools.arm-none.linux64_1.17.0.201812190825/tools/compiler/bin/../lib/gcc/arm-none-eabi/7.3.1/../../../../arm-none-eabi/lib/thumb/v6-m/libc.a(lib_a-freer.o)
                              /home/shay/a/ece362/Ac6/SystemWorkbench/plugins/fr.ac6.mcu.externaltools.arm-none.linux64_1.17.0.201812190825/tools/compiler/bin/../lib/gcc/arm-none-eabi/7.3.1/../../../../arm-none-eabi/lib/thumb/v6-m/libc.a(lib_a-fflush.o) (_free_r)
/home/shay/a/ece362/Ac6/SystemWorkbench/plugins/fr.ac6.mcu.externaltools.arm-none.linux64_1.17.0.201812190825/tools/compiler/bin/../lib/gcc/arm-none-eabi/7.3.1/../../../../arm-none-eabi/lib/thumb/v6-m/libc.a(lib_a-fwalk.o)
                              /home/shay/a/ece362/Ac6/SystemWorkbench/plugins/fr.ac6.mcu.externaltools.arm-none.linux64_1.17.0.201812190825/tools/compiler/bin/../lib/gcc/arm-none-eabi/7.3.1/../../../../arm-none-eabi/lib/thumb/v6-m/libc.a(lib_a-findfp.o) (_fwalk)
/home/shay/a/ece362/Ac6/SystemWorkbench/plugins/fr.ac6.mcu.externaltools.arm-none.linux64_1.17.0.201812190825/tools/compiler/bin/../lib/gcc/arm-none-eabi/7.3.1/../../../../arm-none-eabi/lib/thumb/v6-m/libc.a(lib_a-impure.o)
                              /home/shay/a/ece362/Ac6/SystemWorkbench/plugins/fr.ac6.mcu.externaltools.arm-none.linux64_1.17.0.201812190825/tools/compiler/bin/../lib/gcc/arm-none-eabi/7.3.1/../../../../arm-none-eabi/lib/thumb/v6-m/libc.a(lib_a-exit.o) (_global_impure_ptr)
/home/shay/a/ece362/Ac6/SystemWorkbench/plugins/fr.ac6.mcu.externaltools.arm-none.linux64_1.17.0.201812190825/tools/compiler/bin/../lib/gcc/arm-none-eabi/7.3.1/../../../../arm-none-eabi/lib/thumb/v6-m/libc.a(lib_a-init.o)
                              /home/shay/a/ece362/Ac6/SystemWorkbench/plugins/fr.ac6.mcu.externaltools.arm-none.linux64_1.17.0.201812190825/tools/compiler/bin/../lib/gcc/arm-none-eabi/7.3.1/../../../../arm-none-eabi/lib/thumb/v6-m/crt0.o (__libc_init_array)
/home/shay/a/ece362/Ac6/SystemWorkbench/plugins/fr.ac6.mcu.externaltools.arm-none.linux64_1.17.0.201812190825/tools/compiler/bin/../lib/gcc/arm-none-eabi/7.3.1/../../../../arm-none-eabi/lib/thumb/v6-m/libc.a(lib_a-lock.o)
[...]
Memory Configuration

Name             Origin             Length             Attributes
RAM              0x0000000020000000 0x0000000000008000 xrw
ROM              0x0000000008000000 0x0000000000040000 xr
*default*        0x0000000000000000 0xffffffffffffffff

Linker script and memory map

LOAD /home/shay/a/ece362/Ac6/SystemWorkbench/plugins/fr.ac6.mcu.externaltools.arm-none.linux64_1.17.0.201812190825/tools/compiler/bin/../lib/gcc/arm-none-eabi/7.3.1/thumb/v6-m/crti.o
LOAD /home/shay/a/ece362/Ac6/SystemWorkbench/plugins/fr.ac6.mcu.externaltools.arm-none.linux64_1.17.0.201812190825/tools/compiler/bin/../lib/gcc/arm-none-eabi/7.3.1/thumb/v6-m/crtbegin.o
LOAD /home/shay/a/ece362/Ac6/SystemWorkbench/plugins/fr.ac6.mcu.externaltools.arm-none.linux64_1.17.0.201812190825/tools/compiler/bin/../lib/gcc/arm-none-eabi/7.3.1/../../../../arm-none-eabi/lib/thumb/v6-m/crt0.o
LOAD StdPeriph_Driver/src/stm32f0xx_adc.o
LOAD StdPeriph_Driver/src/stm32f0xx_can.o
LOAD StdPeriph_Driver/src/stm32f0xx_cec.o
LOAD StdPeriph_Driver/src/stm32f0xx_comp.o
LOAD StdPeriph_Driver/src/stm32f0xx_crc.o
LOAD StdPeriph_Driver/src/stm32f0xx_crs.o
LOAD StdPeriph_Driver/src/stm32f0xx_dac.o
LOAD StdPeriph_Driver/src/stm32f0xx_dbgmcu.o
LOAD StdPeriph_Driver/src/stm32f0xx_dma.o
LOAD StdPeriph_Driver/src/stm32f0xx_exti.o
LOAD StdPeriph_Driver/src/stm32f0xx_flash.o
LOAD StdPeriph_Driver/src/stm32f0xx_gpio.o
LOAD StdPeriph_Driver/src/stm32f0xx_i2c.o
LOAD StdPeriph_Driver/src/stm32f0xx_iwdg.o
LOAD StdPeriph_Driver/src/stm32f0xx_misc.o
LOAD StdPeriph_Driver/src/stm32f0xx_pwr.o
LOAD StdPeriph_Driver/src/stm32f0xx_rcc.o
LOAD StdPeriph_Driver/src/stm32f0xx_rtc.o
LOAD StdPeriph_Driver/src/stm32f0xx_spi.o
LOAD StdPeriph_Driver/src/stm32f0xx_syscfg.o
LOAD StdPeriph_Driver/src/stm32f0xx_tim.o
LOAD StdPeriph_Driver/src/stm32f0xx_usart.o
LOAD StdPeriph_Driver/src/stm32f0xx_wwdg.o
LOAD src/commands.o
LOAD src/diskio.o
LOAD src/ff.o
LOAD src/fifo.o
LOAD src/invader.o
LOAD src/lcd.o
LOAD src/main.o
LOAD src/syscalls.o
LOAD src/system_stm32f0xx.o
LOAD src/tty.o
LOAD startup/startup_stm32.o
LOAD /home/shay/a/ece362/Ac6/SystemWorkbench/plugins/fr.ac6.mcu.externaltools.arm-none.linux64_1.17.0.201812190825/tools/compiler/bin/../lib/gcc/arm-none-eabi/7.3.1/../../../../arm-none-eabi/lib/thumb/v6-m/libm.a
START GROUP
LOAD /home/shay/a/ece362/Ac6/SystemWorkbench/plugins/fr.ac6.mcu.externaltools.arm-none.linux64_1.17.0.201812190825/tools/compiler/bin/../lib/gcc/arm-none-eabi/7.3.1/thumb/v6-m/libgcc.a
LOAD /home/shay/a/ece362/Ac6/SystemWorkbench/plugins/fr.ac6.mcu.externaltools.arm-none.linux64_1.17.0.201812190825/tools/compiler/bin/../lib/gcc/arm-none-eabi/7.3.1/../../../../arm-none-eabi/lib/thumb/v6-m/libc.a
END GROUP
LOAD /home/shay/a/ece362/Ac6/SystemWorkbench/plugins/fr.ac6.mcu.externaltools.arm-none.linux64_1.17.0.201812190825/tools/compiler/bin/../lib/gcc/arm-none-eabi/7.3.1/thumb/v6-m/crtend.o
LOAD /home/shay/a/ece362/Ac6/SystemWorkbench/plugins/fr.ac6.mcu.externaltools.arm-none.linux64_1.17.0.201812190825/tools/compiler/bin/../lib/gcc/arm-none-eabi/7.3.1/thumb/v6-m/crtn.o
                0x0000000020008000                _estack = 0x20008000
                0x0000000000000000                _Min_Heap_Size = 0x0
                0x0000000000000400                _Min_Stack_Size = 0x400

.isr_vector     0x0000000008000000       0xc0
                0x0000000008000000                . = ALIGN (0x4)
 *(.isr_vector)
 .isr_vector    0x0000000008000000       0xc0 startup/startup_stm32.o
                0x0000000008000000                g_pfnVectors
                0x00000000080000c0                . = ALIGN (0x4)

.text           0x00000000080000c0     0x1050
                0x00000000080000c0                . = ALIGN (0x4)
 *(.text)
 .text          0x00000000080000c0       0x48 /home/shay/a/ece362/Ac6/SystemWorkbench/plugins/fr.ac6.mcu.externaltools.arm-none.linux64_1.17.0.201812190825/tools/compiler/bin/../lib/gcc/arm-none-eabi/7.3.1/thumb/v6-m/crtbegin.o
 *(.text*)
 .text.fifo_empty
                0x0000000008000108       0x2a src/fifo.o
                0x0000000008000108                fifo_empty
 .text.fifo_full
                0x0000000008000132       0x3c src/fifo.o
                0x0000000008000132                fifo_full
 .text.fifo_insert
                0x000000000800016e       0x90 src/fifo.o
                0x000000000800016e                fifo_insert
 .text.fifo_uninsert
                0x00000000080001fe       0x8c src/fifo.o
                0x00000000080001fe                fifo_uninsert
 *fill*         0x000000000800028a        0x2 
 .text.tft_select
                0x000000000800028c       0x54 src/lcd.o
 .text.tft_reset
                0x00000000080002e0       0x2c src/lcd.o
 .text.tft_reg_select
                0x000000000800030c       0x2c src/lcd.o
 .text.nano_wait
                0x0000000008000338       0x18 src/lcd.o
 .text.LCD_Reset
                0x0000000008000350       0x38 src/lcd.o
                0x0000000008000350                LCD_Reset
 .text.LCD_WR_REG
                0x0000000008000388       0x40 src/lcd.o
                0x0000000008000388                LCD_WR_REG
 .text.LCD_WR_DATA
                0x00000000080003c8       0x40 src/lcd.o
                0x00000000080003c8                LCD_WR_DATA
 .text.LCD_WriteData16_Prepare
                0x0000000008000408       0x2c src/lcd.o
                0x0000000008000408                LCD_WriteData16_Prepare
 .text.LCD_WriteData16
                0x0000000008000434       0x30 src/lcd.o
                0x0000000008000434                LCD_WriteData16
 .text.LCD_WriteData16_End
                0x0000000008000464       0x24 src/lcd.o
                0x0000000008000464                LCD_WriteData16_End
 .text.LCD_WriteReg
                0x0000000008000488       0x30 src/lcd.o
                0x0000000008000488                LCD_WriteReg
 .text.LCD_WriteRAM_Prepare
                0x00000000080004b8       0x1c src/lcd.o
                0x00000000080004b8                LCD_WriteRAM_Prepare
 .text.LCD_direction
                0x00000000080004d4       0xa4 src/lcd.o
                0x00000000080004d4                LCD_direction
 .text.LCD_Init
                0x0000000008000578      0x2a4 src/lcd.o
                0x0000000008000578                LCD_Init
 .text.LCD_Setup
                0x000000000800081c       0x38 src/lcd.o
                0x000000000800081c                LCD_Setup
 .text.LCD_SetWindow
                0x0000000008000854       0xc0 src/lcd.o
                0x0000000008000854                LCD_SetWindow
 .text.LCD_DrawPicture
                0x0000000008000914      0x10c src/lcd.o
                0x0000000008000914                LCD_DrawPicture
 .text.__io_putchar
                0x0000000008000a20       0x44 src/main.o
                0x0000000008000a20                __io_putchar
 .text.USART3_4_5_6_7_8_IRQHandler
                0x0000000008000a64       0x58 src/main.o
                0x0000000008000a64                USART3_4_5_6_7_8_IRQHandler
 .text.init_spi1_slow
                0x0000000008000abc       0xe4 src/main.o
                0x0000000008000abc                init_spi1_slow
 .text.sdcard_io_high_speed
                0x0000000008000ba0       0x50 src/main.o
                0x0000000008000ba0                sdcard_io_high_speed
 .text.init_lcd_spi
                0x0000000008000bf0       0x40 src/main.o
                0x0000000008000bf0                init_lcd_spi
 .text.main     0x0000000008000c30       0x24 src/main.o
                0x0000000008000c30                main
 .text.SystemInit
                0x0000000008000c54       0x8c src/system_stm32f0xx.o
                0x0000000008000c54                SystemInit
 .text.SetSysClock
                0x0000000008000ce0       0xe0 src/system_stm32f0xx.o
 .text.putstr   0x0000000008000dc0       0x28 src/tty.o
 .text.insert_echo_char
                0x0000000008000de8      0x11c src/tty.o
                0x0000000008000de8                insert_echo_char
 .text.Reset_Handler
                0x0000000008000f04       0x50 startup/startup_stm32.o
                0x0000000008000f04                Reset_Handler
 .text.Default_Handler
                0x0000000008000f54        0x2 startup/startup_stm32.o
                0x0000000008000f54                DMA1_CH4_5_6_7_DMA2_CH3_4_5_IRQHandler
                0x0000000008000f54                TIM1_CC_IRQHandler
                0x0000000008000f54                TSC_IRQHandler
                0x0000000008000f54                HardFault_Handler
                0x0000000008000f54                SysTick_Handler
                0x0000000008000f54                PVD_IRQHandler
                0x0000000008000f54                PendSV_Handler
                0x0000000008000f54                NMI_Handler
                0x0000000008000f54                I2C1_IRQHandler
                0x0000000008000f54                RCC_CRS_IRQHandler
                0x0000000008000f54                SPI1_IRQHandler
                0x0000000008000f54                TIM6_DAC_IRQHandler
                0x0000000008000f54                EXTI2_3_IRQHandler
                0x0000000008000f54                I2C2_IRQHandler
                0x0000000008000f54                TIM17_IRQHandler
                0x0000000008000f54                CEC_CAN_IRQHandler
                0x0000000008000f54                RTC_IRQHandler
                0x0000000008000f54                TIM16_IRQHandler
                0x0000000008000f54                TIM3_IRQHandler
                0x0000000008000f54                EXTI4_15_IRQHandler
                0x0000000008000f54                Default_Handler
                0x0000000008000f54                DMA1_CH2_3_DMA2_CH1_2_IRQHandler
                0x0000000008000f54                TIM14_IRQHandler
                0x0000000008000f54                TIM7_IRQHandler
                0x0000000008000f54                TIM15_IRQHandler
                0x0000000008000f54                EXTI0_1_IRQHandler
                0x0000000008000f54                USB_IRQHandler
                0x0000000008000f54                SPI2_IRQHandler
                0x0000000008000f54                DMA1_CH1_IRQHandler
                0x0000000008000f54                SVC_Handler
                0x0000000008000f54                WWDG_IRQHandler
                0x0000000008000f54                TIM2_IRQHandler
                0x0000000008000f54                ADC_COMP_IRQHandler
                0x0000000008000f54                USART2_IRQHandler
                0x0000000008000f54                FLASH_IRQHandler
                0x0000000008000f54                USART1_IRQHandler
                0x0000000008000f54                TIM1_BRK_UP_TRG_COM_IRQHandler
 *fill*         0x0000000008000f56        0x2 
 .text.__libc_init_array
                0x0000000008000f58       0x48 /home/shay/a/ece362/Ac6/SystemWorkbench/plugins/fr.ac6.mcu.externaltools.arm-none.linux64_1.17.0.201812190825/tools/compiler/bin/../lib/gcc/arm-none-eabi/7.3.1/../../../../arm-none-eabi/lib/thumb/v6-m/libc.a(lib_a-init.o)
                0x0000000008000f58                __libc_init_array
 .text.__retarget_lock_acquire_recursive
                0x0000000008000fa0        0x4 /home/shay/a/ece362/Ac6/SystemWorkbench/plugins/fr.ac6.mcu.externaltools.arm-none.linux64_1.17.0.201812190825/tools/compiler/bin/../lib/gcc/arm-none-eabi/7.3.1/../../../../arm-none-eabi/lib/thumb/v6-m/libc.a(lib_a-lock.o)
                0x0000000008000fa0                __retarget_lock_acquire_recursive
 .text.__retarget_lock_release_recursive
                0x0000000008000fa4        0x4 /home/shay/a/ece362/Ac6/SystemWorkbench/plugins/fr.ac6.mcu.externaltools.arm-none.linux64_1.17.0.201812190825/tools/compiler/bin/../lib/gcc/arm-none-eabi/7.3.1/../../../../arm-none-eabi/lib/thumb/v6-m/libc.a(lib_a-lock.o)
                0x0000000008000fa4                __retarget_lock_release_recursive
 .text.startup.register_fini
                0x0000000008000fa8       0x18 /home/shay/a/ece362/Ac6/SystemWorkbench/plugins/fr.ac6.mcu.externaltools.arm-none.linux64_1.17.0.201812190825/tools/compiler/bin/../lib/gcc/arm-none-eabi/7.3.1/../../../../arm-none-eabi/lib/thumb/v6-m/libc.a(lib_a-__call_atexit.o)
 .text.atexit   0x0000000008000fc0       0x10 /home/shay/a/ece362/Ac6/SystemWorkbench/plugins/fr.ac6.mcu.externaltools.arm-none.linux64_1.17.0.201812190825/tools/compiler/bin/../lib/gcc/arm-none-eabi/7.3.1/../../../../arm-none-eabi/lib/thumb/v6-m/libc.a(lib_a-atexit.o)
                0x0000000008000fc0                atexit
 .text.__libc_fini_array
                0x0000000008000fd0       0x34 /home/shay/a/ece362/Ac6/SystemWorkbench/plugins/fr.ac6.mcu.externaltools.arm-none.linux64_1.17.0.201812190825/tools/compiler/bin/../lib/gcc/arm-none-eabi/7.3.1/../../../../arm-none-eabi/lib/thumb/v6-m/libc.a(lib_a-fini.o)
                0x0000000008000fd0                __libc_fini_array
 .text.__register_exitproc
                0x0000000008001004       0xf4 /home/shay/a/ece362/Ac6/SystemWorkbench/plugins/fr.ac6.mcu.externaltools.arm-none.linux64_1.17.0.201812190825/tools/compiler/bin/../lib/gcc/arm-none-eabi/7.3.1/../../../../arm-none-eabi/lib/thumb/v6-m/libc.a(lib_a-__atexit.o)
                0x0000000008001004                __register_exitproc
 *(.glue_7)
 .glue_7        0x00000000080010f8        0x0 linker stubs
 *(.glue_7t)
 .glue_7t       0x00000000080010f8        0x0 linker stubs
 *(.eh_frame)
 .eh_frame      0x00000000080010f8        0x0 /home/shay/a/ece362/Ac6/SystemWorkbench/plugins/fr.ac6.mcu.externaltools.arm-none.linux64_1.17.0.201812190825/tools/compiler/bin/../lib/gcc/arm-none-eabi/7.3.1/thumb/v6-m/crtbegin.o
 *(.init)
 .init          0x00000000080010f8        0x4 /home/shay/a/ece362/Ac6/SystemWorkbench/plugins/fr.ac6.mcu.externaltools.arm-none.linux64_1.17.0.201812190825/tools/compiler/bin/../lib/gcc/arm-none-eabi/7.3.1/thumb/v6-m/crti.o
                0x00000000080010f8                _init
 .init          0x00000000080010fc        0x8 /home/shay/a/ece362/Ac6/SystemWorkbench/plugins/fr.ac6.mcu.externaltools.arm-none.linux64_1.17.0.201812190825/tools/compiler/bin/../lib/gcc/arm-none-eabi/7.3.1/thumb/v6-m/crtn.o
 *(.fini)
 .fini          0x0000000008001104        0x4 /home/shay/a/ece362/Ac6/SystemWorkbench/plugins/fr.ac6.mcu.externaltools.arm-none.linux64_1.17.0.201812190825/tools/compiler/bin/../lib/gcc/arm-none-eabi/7.3.1/thumb/v6-m/crti.o
                0x0000000008001104                _fini
 .fini          0x0000000008001108        0x8 /home/shay/a/ece362/Ac6/SystemWorkbench/plugins/fr.ac6.mcu.externaltools.arm-none.linux64_1.17.0.201812190825/tools/compiler/bin/../lib/gcc/arm-none-eabi/7.3.1/thumb/v6-m/crtn.o
                0x0000000008001110                . = ALIGN (0x4)
                0x0000000008001110                _etext = .

.vfp11_veneer   0x0000000008001110        0x0
 .vfp11_veneer  0x0000000008001110        0x0 linker stubs

.v4_bx          0x0000000008001110        0x0
 .v4_bx         0x0000000008001110        0x0 linker stubs

.iplt           0x0000000008001110        0x0
 .iplt          0x0000000008001110        0x0 /home/shay/a/ece362/Ac6/SystemWorkbench/plugins/fr.ac6.mcu.externaltools.arm-none.linux64_1.17.0.201812190825/tools/compiler/bin/../lib/gcc/arm-none-eabi/7.3.1/thumb/v6-m/crtbegin.o

.rodata         0x0000000008001110    0x25828
                0x0000000008001110                . = ALIGN (0x4)
 *(.rodata)
 .rodata        0x0000000008001110    0x25810 src/invader.o
                0x0000000008001110                gimp_image
 .rodata        0x0000000008026920       0x13 src/tty.o
 *(.rodata*)
 *fill*         0x0000000008026933        0x1 
 .rodata._global_impure_ptr
                0x0000000008026934        0x4 /home/shay/a/ece362/Ac6/SystemWorkbench/plugins/fr.ac6.mcu.externaltools.arm-none.linux64_1.17.0.201812190825/tools/compiler/bin/../lib/gcc/arm-none-eabi/7.3.1/../../../../arm-none-eabi/lib/thumb/v6-m/libc.a(lib_a-impure.o)
                0x0000000008026934                _global_impure_ptr
                0x0000000008026938                . = ALIGN (0x4)

.rel.dyn        0x0000000008026938        0x0
 .rel.iplt      0x0000000008026938        0x0 /home/shay/a/ece362/Ac6/SystemWorkbench/plugins/fr.ac6.mcu.externaltools.arm-none.linux64_1.17.0.201812190825/tools/compiler/bin/../lib/gcc/arm-none-eabi/7.3.1/thumb/v6-m/crtbegin.o

.ARM.extab      0x0000000008026938        0x0
                0x0000000008026938                . = ALIGN (0x4)
 *(.ARM.extab* .gnu.linkonce.armextab.*)
                0x0000000008026938                . = ALIGN (0x4)

.ARM            0x0000000008026938        0x0
                0x0000000008026938                . = ALIGN (0x4)
                0x0000000008026938                __exidx_start = .
 *(.ARM.exidx*)
                0x0000000008026938                __exidx_end = .
                0x0000000008026938                . = ALIGN (0x4)

.preinit_array  0x0000000008026938        0x0
                0x0000000008026938                . = ALIGN (0x4)
                0x0000000008026938                PROVIDE (__preinit_array_start = .)
 *(.preinit_array*)
                0x0000000008026938                PROVIDE (__preinit_array_end = .)
                0x0000000008026938                . = ALIGN (0x4)

.init_array     0x0000000008026938        0x8
                0x0000000008026938                . = ALIGN (0x4)
                0x0000000008026938                PROVIDE (__init_array_start = .)
 *(SORT_BY_NAME(.init_array.*))
 .init_array.00000
                0x0000000008026938        0x4 /home/shay/a/ece362/Ac6/SystemWorkbench/plugins/fr.ac6.mcu.externaltools.arm-none.linux64_1.17.0.201812190825/tools/compiler/bin/../lib/gcc/arm-none-eabi/7.3.1/../../../../arm-none-eabi/lib/thumb/v6-m/libc.a(lib_a-__call_atexit.o)
 *(.init_array*)
 .init_array    0x000000000802693c        0x4 /home/shay/a/ece362/Ac6/SystemWorkbench/plugins/fr.ac6.mcu.externaltools.arm-none.linux64_1.17.0.201812190825/tools/compiler/bin/../lib/gcc/arm-none-eabi/7.3.1/thumb/v6-m/crtbegin.o
                0x0000000008026940                PROVIDE (__init_array_end = .)
                0x0000000008026940                . = ALIGN (0x4)

.fini_array     0x0000000008026940        0x4
                0x0000000008026940                . = ALIGN (0x4)
                0x0000000008026940                PROVIDE (__fini_array_start = .)
 *(SORT_BY_NAME(.fini_array.*))
 *(.fini_array*)
 .fini_array    0x0000000008026940        0x4 /home/shay/a/ece362/Ac6/SystemWorkbench/plugins/fr.ac6.mcu.externaltools.arm-none.linux64_1.17.0.201812190825/tools/compiler/bin/../lib/gcc/arm-none-eabi/7.3.1/thumb/v6-m/crtbegin.o
                0x0000000008026944                PROVIDE (__fini_array_end = .)
                0x0000000008026944                . = ALIGN (0x4)
                0x0000000008026944                _sidata = LOADADDR (.data)

.data           0x0000000020000000      0x434 load address 0x0000000008026944
                0x0000000020000000                . = ALIGN (0x4)
                0x0000000020000000                _sdata = .
 *(.data)
 .data          0x0000000020000000        0x8 src/tty.o
                0x0000000020000000                echo_mode
                0x0000000020000004                line_mode
 *(.data*)
 .data.impure_data
                0x0000000020000008      0x428 /home/shay/a/ece362/Ac6/SystemWorkbench/plugins/fr.ac6.mcu.externaltools.arm-none.linux64_1.17.0.201812190825/tools/compiler/bin/../lib/gcc/arm-none-eabi/7.3.1/../../../../arm-none-eabi/lib/thumb/v6-m/libc.a(lib_a-impure.o)
 .data.__atexit_recursive_mutex
                0x0000000020000430        0x4 /home/shay/a/ece362/Ac6/SystemWorkbench/plugins/fr.ac6.mcu.externaltools.arm-none.linux64_1.17.0.201812190825/tools/compiler/bin/../lib/gcc/arm-none-eabi/7.3.1/../../../../arm-none-eabi/lib/thumb/v6-m/libc.a(lib_a-__call_atexit.o)
                0x0000000020000430                __atexit_recursive_mutex
                0x0000000020000434                . = ALIGN (0x4)
                0x0000000020000434                _edata = .

.igot.plt       0x0000000020000434        0x0 load address 0x0000000008026d78
 .igot.plt      0x0000000020000434        0x0 /home/shay/a/ece362/Ac6/SystemWorkbench/plugins/fr.ac6.mcu.externaltools.arm-none.linux64_1.17.0.201812190825/tools/compiler/bin/../lib/gcc/arm-none-eabi/7.3.1/thumb/v6-m/crtbegin.o
                0x0000000020000434                . = ALIGN (0x4)

.bss            0x0000000020000434       0xf4 load address 0x0000000008026d78
                0x0000000020000434                _sbss = .
                0x0000000020000434                __bss_start__ = _sbss
 *(.bss)
 .bss           0x0000000020000434       0x1c /home/shay/a/ece362/Ac6/SystemWorkbench/plugins/fr.ac6.mcu.externaltools.arm-none.linux64_1.17.0.201812190825/tools/compiler/bin/../lib/gcc/arm-none-eabi/7.3.1/thumb/v6-m/crtbegin.o
 .bss           0x0000000020000450        0x4 src/main.o
                0x0000000020000450                seroffset
 *(.bss*)
 *(COMMON)
 COMMON         0x0000000020000454       0x1c src/lcd.o
                0x0000000020000454                lcddev
 COMMON         0x0000000020000470       0x10 src/main.o
                0x0000000020000470                serfifo
 COMMON         0x0000000020000480       0x83 src/tty.o
                0x0000000020000480                input_fifo
 *fill*         0x0000000020000503        0x1 
 COMMON         0x0000000020000504       0x21 /home/shay/a/ece362/Ac6/SystemWorkbench/plugins/fr.ac6.mcu.externaltools.arm-none.linux64_1.17.0.201812190825/tools/compiler/bin/../lib/gcc/arm-none-eabi/7.3.1/../../../../arm-none-eabi/lib/thumb/v6-m/libc.a(lib_a-lock.o)
                0x0000000020000504                __lock___atexit_recursive_mutex
                0x0000000020000508                __lock___arc4random_mutex
                0x000000002000050c                __lock___env_recursive_mutex
                0x0000000020000510                __lock___sinit_recursive_mutex
                0x0000000020000514                __lock___malloc_recursive_mutex
                0x0000000020000518                __lock___at_quick_exit_mutex
                0x000000002000051c                __lock___dd_hash_mutex
                0x0000000020000520                __lock___tz_mutex
                0x0000000020000524                __lock___sfp_recursive_mutex
                0x0000000020000528                . = ALIGN (0x4)
 *fill*         0x0000000020000525        0x3 
                0x0000000020000528                _ebss = .
                0x0000000020000528                __bss_end__ = _ebss

._user_heap_stack
                0x0000000020000528      0x400 load address 0x0000000008026d78
                0x0000000020000528                . = ALIGN (0x8)
                0x0000000020000528                PROVIDE (end = .)
                [!provide]                        PROVIDE (_end = .)
                0x0000000020000528                . = (. + _Min_Heap_Size)
                0x0000000020000928                . = (. + _Min_Stack_Size)
 *fill*         0x0000000020000528      0x400 
                0x0000000020000928                . = ALIGN (0x8)

/DISCARD/
 libc.a(*)
 libm.a(*)
 libgcc.a(*)

.ARM.attributes
                0x0000000000000000       0x28
 *(.ARM.attributes)
 .ARM.attributes
                0x0000000000000000       0x1e /home/shay/a/ece362/Ac6/SystemWorkbench/plugins/fr.ac6.mcu.externaltools.arm-none.linux64_1.17.0.201812190825/tools/compiler/bin/../lib/gcc/arm-none-eabi/7.3.1/thumb/v6-m/crti.o
 .ARM.attributes
                0x000000000000001e       0x2c /home/shay/a/ece362/Ac6/SystemWorkbench/plugins/fr.ac6.mcu.externaltools.arm-none.linux64_1.17.0.201812190825/tools/compiler/bin/../lib/gcc/arm-none-eabi/7.3.1/thumb/v6-m/crtbegin.o
 .ARM.attributes
                0x000000000000004a       0x31 src/fifo.o
 .ARM.attributes
                0x000000000000007b       0x31 src/invader.o
 .ARM.attributes
                0x00000000000000ac       0x31 src/lcd.o
 .ARM.attributes
                0x00000000000000dd       0x31 src/main.o
 .ARM.attributes
                0x000000000000010e       0x31 src/system_stm32f0xx.o
 .ARM.attributes
                0x000000000000013f       0x31 src/tty.o
 .ARM.attributes
                0x0000000000000170       0x21 startup/startup_stm32.o
 .ARM.attributes
                0x0000000000000191       0x2c /home/shay/a/ece362/Ac6/SystemWorkbench/plugins/fr.ac6.mcu.externaltools.arm-none.linux64_1.17.0.201812190825/tools/compiler/bin/../lib/gcc/arm-none-eabi/7.3.1/../../../../arm-none-eabi/lib/thumb/v6-m/libc.a(lib_a-impure.o)
 .ARM.attributes
                0x00000000000001bd       0x2c /home/shay/a/ece362/Ac6/SystemWorkbench/plugins/fr.ac6.mcu.externaltools.arm-none.linux64_1.17.0.201812190825/tools/compiler/bin/../lib/gcc/arm-none-eabi/7.3.1/../../../../arm-none-eabi/lib/thumb/v6-m/libc.a(lib_a-init.o)
 .ARM.attributes
                0x00000000000001e9       0x2c /home/shay/a/ece362/Ac6/SystemWorkbench/plugins/fr.ac6.mcu.externaltools.arm-none.linux64_1.17.0.201812190825/tools/compiler/bin/../lib/gcc/arm-none-eabi/7.3.1/../../../../arm-none-eabi/lib/thumb/v6-m/libc.a(lib_a-lock.o)
 .ARM.attributes
                0x0000000000000215       0x2c /home/shay/a/ece362/Ac6/SystemWorkbench/plugins/fr.ac6.mcu.externaltools.arm-none.linux64_1.17.0.201812190825/tools/compiler/bin/../lib/gcc/arm-none-eabi/7.3.1/../../../../arm-none-eabi/lib/thumb/v6-m/libc.a(lib_a-__call_atexit.o)
 .ARM.attributes
                0x0000000000000241       0x2c /home/shay/a/ece362/Ac6/SystemWorkbench/plugins/fr.ac6.mcu.externaltools.arm-none.linux64_1.17.0.201812190825/tools/compiler/bin/../lib/gcc/arm-none-eabi/7.3.1/../../../../arm-none-eabi/lib/thumb/v6-m/libc.a(lib_a-atexit.o)
 .ARM.attributes
                0x000000000000026d       0x2c /home/shay/a/ece362/Ac6/SystemWorkbench/plugins/fr.ac6.mcu.externaltools.arm-none.linux64_1.17.0.201812190825/tools/compiler/bin/../lib/gcc/arm-none-eabi/7.3.1/../../../../arm-none-eabi/lib/thumb/v6-m/libc.a(lib_a-fini.o)
 .ARM.attributes
                0x0000000000000299       0x2c /home/shay/a/ece362/Ac6/SystemWorkbench/plugins/fr.ac6.mcu.externaltools.arm-none.linux64_1.17.0.201812190825/tools/compiler/bin/../lib/gcc/arm-none-eabi/7.3.1/../../../../arm-none-eabi/lib/thumb/v6-m/libc.a(lib_a-__atexit.o)
 .ARM.attributes
                0x00000000000002c5       0x1e /home/shay/a/ece362/Ac6/SystemWorkbench/plugins/fr.ac6.mcu.externaltools.arm-none.linux64_1.17.0.201812190825/tools/compiler/bin/../lib/gcc/arm-none-eabi/7.3.1/thumb/v6-m/crtn.o
OUTPUT(lab10.elf elf32-littlearm)

.debug_info     0x0000000000000000     0x3a61
 .debug_info    0x0000000000000000      0x22b src/fifo.o
 .debug_info    0x000000000000022b       0x95 src/invader.o
 .debug_info    0x00000000000002c0     0x171b src/lcd.o
 .debug_info    0x00000000000019db     0x11cf src/main.o
 .debug_info    0x0000000000002baa      0x306 src/system_stm32f0xx.o
 .debug_info    0x0000000000002eb0      0xb8f src/tty.o
 .debug_info    0x0000000000003a3f       0x22 startup/startup_stm32.o

.debug_abbrev   0x0000000000000000      0xbe3
 .debug_abbrev  0x0000000000000000      0x11a src/fifo.o
 .debug_abbrev  0x000000000000011a       0x64 src/invader.o
 .debug_abbrev  0x000000000000017e      0x35d src/lcd.o
 .debug_abbrev  0x00000000000004db      0x306 src/main.o
 .debug_abbrev  0x00000000000007e1      0x15b src/system_stm32f0xx.o
 .debug_abbrev  0x000000000000093c      0x295 src/tty.o
 .debug_abbrev  0x0000000000000bd1       0x12 startup/startup_stm32.o

.debug_aranges  0x0000000000000000      0x2a8
 .debug_aranges
                0x0000000000000000       0x48 src/fifo.o
 .debug_aranges
                0x0000000000000048       0x18 src/invader.o
 .debug_aranges
                0x0000000000000060      0x128 src/lcd.o
 .debug_aranges
                0x0000000000000188       0x80 src/main.o
 .debug_aranges
                0x0000000000000208       0x30 src/system_stm32f0xx.o
 .debug_aranges
                0x0000000000000238       0x48 src/tty.o
 .debug_aranges
                0x0000000000000280       0x28 startup/startup_stm32.o

.debug_ranges   0x0000000000000000      0x258
 .debug_ranges  0x0000000000000000       0x38 src/fifo.o
 .debug_ranges  0x0000000000000038      0x118 src/lcd.o
 .debug_ranges  0x0000000000000150       0x70 src/main.o
 .debug_ranges  0x00000000000001c0       0x20 src/system_stm32f0xx.o
 .debug_ranges  0x00000000000001e0       0x58 src/tty.o
 .debug_ranges  0x0000000000000238       0x20 startup/startup_stm32.o

.debug_macro    0x0000000000000000      0xd87
 .debug_macro   0x0000000000000000       0x6d src/fifo.o
 .debug_macro   0x000000000000006d       0x11 src/invader.o
 .debug_macro   0x000000000000007e      0x2aa src/lcd.o
 .debug_macro   0x0000000000000328      0x3a9 src/main.o
 .debug_macro   0x00000000000006d1       0x58 src/main.o
 .debug_macro   0x0000000000000729       0x94 src/main.o
 .debug_macro   0x00000000000007bd       0x57 src/main.o
 .debug_macro   0x0000000000000814       0xee src/main.o
 .debug_macro   0x0000000000000902      0x189 src/system_stm32f0xx.o
 .debug_macro   0x0000000000000a8b      0x2fc src/tty.o

.debug_line     0x0000000000000000     0x278f
 .debug_line    0x0000000000000000      0x3ce src/fifo.o
 .debug_line    0x00000000000003ce       0x31 src/invader.o
 .debug_line    0x00000000000003ff      0xbd6 src/lcd.o
 .debug_line    0x0000000000000fd5      0x90d src/main.o
 .debug_line    0x00000000000018e2      0x65c src/system_stm32f0xx.o
 .debug_line    0x0000000000001f3e      0x7d5 src/tty.o
 .debug_line    0x0000000000002713       0x7c startup/startup_stm32.o

.debug_str      0x0000000000000000    0x4f9f9
 .debug_str     0x0000000000000000     0x3a57 src/fifo.o
                                       0x3bd1 (size before relaxing)
 .debug_str     0x0000000000003a57       0x44 src/invader.o
                                       0x2c93 (size before relaxing)
 .debug_str     0x0000000000003a9b    0x4a31d src/lcd.o
                                      0x4dfd1 (size before relaxing)
 .debug_str     0x000000000004ddb8     0x1aea src/main.o
                                      0x4f72d (size before relaxing)
 .debug_str     0x000000000004f8a2       0xb8 src/system_stm32f0xx.o
                                      0x4aa8f (size before relaxing)
 .debug_str     0x000000000004f95a       0x76 src/tty.o
                                      0x4eb7a (size before relaxing)
 .debug_str     0x000000000004f9d0       0x29 startup/startup_stm32.o
                                         0x55 (size before relaxing)

.comment        0x0000000000000000       0x7f
 .comment       0x0000000000000000       0x7f src/fifo.o
                                         0x80 (size before relaxing)
 .comment       0x000000000000007f       0x80 src/invader.o
 .comment       0x000000000000007f       0x80 src/lcd.o
 .comment       0x000000000000007f       0x80 src/main.o
 .comment       0x000000000000007f       0x80 src/system_stm32f0xx.o
 .comment       0x000000000000007f       0x80 src/tty.o

.debug_frame    0x0000000000000000      0x9b4
 .debug_frame   0x0000000000000000       0xd0 src/fifo.o
 .debug_frame   0x00000000000000d0      0x46c src/lcd.o
 .debug_frame   0x000000000000053c      0x184 src/main.o
 .debug_frame   0x00000000000006c0       0x6c src/system_stm32f0xx.o
 .debug_frame   0x000000000000072c       0xc8 src/tty.o
 .debug_frame   0x00000000000007f4       0x2c /home/shay/a/ece362/Ac6/SystemWorkbench/plugins/fr.ac6.mcu.externaltools.arm-none.linux64_1.17.0.201812190825/tools/compiler/bin/../lib/gcc/arm-none-eabi/7.3.1/../../../../arm-none-eabi/lib/thumb/v6-m/libc.a(lib_a-init.o)
 .debug_frame   0x0000000000000820       0xb0 /home/shay/a/ece362/Ac6/SystemWorkbench/plugins/fr.ac6.mcu.externaltools.arm-none.linux64_1.17.0.201812190825/tools/compiler/bin/../lib/gcc/arm-none-eabi/7.3.1/../../../../arm-none-eabi/lib/thumb/v6-m/libc.a(lib_a-lock.o)
 .debug_frame   0x00000000000008d0       0x54 /home/shay/a/ece362/Ac6/SystemWorkbench/plugins/fr.ac6.mcu.externaltools.arm-none.linux64_1.17.0.201812190825/tools/compiler/bin/../lib/gcc/arm-none-eabi/7.3.1/../../../../arm-none-eabi/lib/thumb/v6-m/libc.a(lib_a-__call_atexit.o)
 .debug_frame   0x0000000000000924       0x28 /home/shay/a/ece362/Ac6/SystemWorkbench/plugins/fr.ac6.mcu.externaltools.arm-none.linux64_1.17.0.201812190825/tools/compiler/bin/../lib/gcc/arm-none-eabi/7.3.1/../../../../arm-none-eabi/lib/thumb/v6-m/libc.a(lib_a-atexit.o)
 .debug_frame   0x000000000000094c       0x2c /home/shay/a/ece362/Ac6/SystemWorkbench/plugins/fr.ac6.mcu.externaltools.arm-none.linux64_1.17.0.201812190825/tools/compiler/bin/../lib/gcc/arm-none-eabi/7.3.1/../../../../arm-none-eabi/lib/thumb/v6-m/libc.a(lib_a-fini.o)
 .debug_frame   0x0000000000000978       0x3c /home/shay/a/ece362/Ac6/SystemWorkbench/plugins/fr.ac6.mcu.externaltools.arm-none.linux64_1.17.0.201812190825/tools/compiler/bin/../lib/gcc/arm-none-eabi/7.3.1/../../../../arm-none-eabi/lib/thumb/v6-m/libc.a(lib_a-__atexit.o)
